
> larkspur-crochets-frontend@0.0.0 build
> tsc -b && vite build

src/pages/TrackOrderPage.tsx(1,17): error TS6133: 'useEffect' is declared but its value is never read.
src/pages/TrackOrderPage.tsx(76,10): error TS2741: Property 'args' is missing in type '{ attach: string; count: number; array: Float32Array<ArrayBuffer>; itemSize: number; }' but required in type 'Mutable<Overwrite<Partial<Overwrite<BufferAttribute, MathProps<BufferAttribute> & ReactProps<BufferAttribute>>>, Omit<...>>>'.
src/pages/TrackOrderPage.tsx(225,13): error TS6133: 'state' is declared but its value is never read.
src/pages/TrackOrderPage.tsx(268,13): error TS2322: Type '{ children: Element; geometry: BufferGeometry<NormalBufferAttributes, BufferGeometryEventMap>; }' is not assignable to type 'SVGLineElementAttributes<SVGLineElement>'.
  Property 'geometry' does not exist on type 'SVGLineElementAttributes<SVGLineElement>'.
src/pages/TrackOrderPage.tsx(310,18): error TS6133: 'stage' is declared but its value is never read.
